Archive member included because of file (symbol)

c:/program files (x86)/atmel/atmel toolchain/avr8 gcc/native/3.4.1061/avr8-gnu-toolchain/bin/../lib/gcc/avr/4.8.1/avr5\libgcc.a(_exit.o)
                              c:/program files (x86)/atmel/atmel toolchain/avr8 gcc/native/3.4.1061/avr8-gnu-toolchain/bin/../lib/gcc/avr/4.8.1/../../../../avr/lib/avr5/crtm328p.o (exit)
c:/program files (x86)/atmel/atmel toolchain/avr8 gcc/native/3.4.1061/avr8-gnu-toolchain/bin/../lib/gcc/avr/4.8.1/avr5\libgcc.a(_copy_data.o)
                              ControlePWM.o (__do_copy_data)
c:/program files (x86)/atmel/atmel toolchain/avr8 gcc/native/3.4.1061/avr8-gnu-toolchain/bin/../lib/gcc/avr/4.8.1/avr5\libgcc.a(_clear_bss.o)
                              ControlePWM.o (__do_clear_bss)
c:/program files (x86)/atmel/atmel toolchain/avr8 gcc/native/3.4.1061/avr8-gnu-toolchain/bin/../lib/gcc/avr/4.8.1/avr5\libgcc.a(_umulhisi3.o)
                              ControlePWM.o (__umulhisi3)
c:/program files (x86)/atmel/atmel toolchain/avr8 gcc/native/3.4.1061/avr8-gnu-toolchain/bin/../lib/gcc/avr/4.8.1/../../../../avr/lib/avr5\libc.a(iob.o)
                              ControlePWM.o (__iob)
c:/program files (x86)/atmel/atmel toolchain/avr8 gcc/native/3.4.1061/avr8-gnu-toolchain/bin/../lib/gcc/avr/4.8.1/../../../../avr/lib/avr5\libc.a(printf.o)
                              ControlePWM.o (printf)
c:/program files (x86)/atmel/atmel toolchain/avr8 gcc/native/3.4.1061/avr8-gnu-toolchain/bin/../lib/gcc/avr/4.8.1/../../../../avr/lib/avr5\libc.a(vfprintf_std.o)
                              c:/program files (x86)/atmel/atmel toolchain/avr8 gcc/native/3.4.1061/avr8-gnu-toolchain/bin/../lib/gcc/avr/4.8.1/../../../../avr/lib/avr5\libc.a(printf.o) (vfprintf)
c:/program files (x86)/atmel/atmel toolchain/avr8 gcc/native/3.4.1061/avr8-gnu-toolchain/bin/../lib/gcc/avr/4.8.1/../../../../avr/lib/avr5\libc.a(strnlen_P.o)
                              c:/program files (x86)/atmel/atmel toolchain/avr8 gcc/native/3.4.1061/avr8-gnu-toolchain/bin/../lib/gcc/avr/4.8.1/../../../../avr/lib/avr5\libc.a(vfprintf_std.o) (strnlen_P)
c:/program files (x86)/atmel/atmel toolchain/avr8 gcc/native/3.4.1061/avr8-gnu-toolchain/bin/../lib/gcc/avr/4.8.1/../../../../avr/lib/avr5\libc.a(strnlen.o)
                              c:/program files (x86)/atmel/atmel toolchain/avr8 gcc/native/3.4.1061/avr8-gnu-toolchain/bin/../lib/gcc/avr/4.8.1/../../../../avr/lib/avr5\libc.a(vfprintf_std.o) (strnlen)
c:/program files (x86)/atmel/atmel toolchain/avr8 gcc/native/3.4.1061/avr8-gnu-toolchain/bin/../lib/gcc/avr/4.8.1/../../../../avr/lib/avr5\libc.a(fputc.o)
                              c:/program files (x86)/atmel/atmel toolchain/avr8 gcc/native/3.4.1061/avr8-gnu-toolchain/bin/../lib/gcc/avr/4.8.1/../../../../avr/lib/avr5\libc.a(vfprintf_std.o) (fputc)
c:/program files (x86)/atmel/atmel toolchain/avr8 gcc/native/3.4.1061/avr8-gnu-toolchain/bin/../lib/gcc/avr/4.8.1/../../../../avr/lib/avr5\libc.a(ultoa_invert.o)
                              c:/program files (x86)/atmel/atmel toolchain/avr8 gcc/native/3.4.1061/avr8-gnu-toolchain/bin/../lib/gcc/avr/4.8.1/../../../../avr/lib/avr5\libc.a(vfprintf_std.o) (__ultoa_invert)
c:/program files (x86)/atmel/atmel toolchain/avr8 gcc/native/3.4.1061/avr8-gnu-toolchain/bin/../lib/gcc/avr/4.8.1/avr5\libgcc.a(_prologue.o)
                              c:/program files (x86)/atmel/atmel toolchain/avr8 gcc/native/3.4.1061/avr8-gnu-toolchain/bin/../lib/gcc/avr/4.8.1/../../../../avr/lib/avr5\libc.a(printf.o) (__prologue_saves__)
c:/program files (x86)/atmel/atmel toolchain/avr8 gcc/native/3.4.1061/avr8-gnu-toolchain/bin/../lib/gcc/avr/4.8.1/avr5\libgcc.a(_epilogue.o)
                              c:/program files (x86)/atmel/atmel toolchain/avr8 gcc/native/3.4.1061/avr8-gnu-toolchain/bin/../lib/gcc/avr/4.8.1/../../../../avr/lib/avr5\libc.a(printf.o) (__epilogue_restores__)

Allocating common symbols
Common symbol       size              file

__iob               0x6               c:/program files (x86)/atmel/atmel toolchain/avr8 gcc/native/3.4.1061/avr8-gnu-toolchain/bin/../lib/gcc/avr/4.8.1/../../../../avr/lib/avr5\libc.a(iob.o)

Discarded input sections

 .data          0x00000000        0x0 c:/program files (x86)/atmel/atmel toolchain/avr8 gcc/native/3.4.1061/avr8-gnu-toolchain/bin/../lib/gcc/avr/4.8.1/../../../../avr/lib/avr5/crtm328p.o
 .bss           0x00000000        0x0 c:/program files (x86)/atmel/atmel toolchain/avr8 gcc/native/3.4.1061/avr8-gnu-toolchain/bin/../lib/gcc/avr/4.8.1/../../../../avr/lib/avr5/crtm328p.o
 .text          0x00000000        0x0 ControlePWM.o
 .data          0x00000000        0x0 ControlePWM.o
 .bss           0x00000000        0x0 ControlePWM.o
 .text.GPIO_Init
                0x00000000       0x2e ControlePWM.o
 .text.escreve_LCD
                0x00000000       0x20 ControlePWM.o
 .text.escreve_LCD_Flash
                0x00000000       0x2a ControlePWM.o
 .data.cursor   0x00000000        0x1 ControlePWM.o
 .bss.j         0x00000000        0x1 ControlePWM.o
 .bss.selection
                0x00000000        0x1 ControlePWM.o
 .text          0x00000000        0x0 c:/program files (x86)/atmel/atmel toolchain/avr8 gcc/native/3.4.1061/avr8-gnu-toolchain/bin/../lib/gcc/avr/4.8.1/avr5\libgcc.a(_exit.o)
 .data          0x00000000        0x0 c:/program files (x86)/atmel/atmel toolchain/avr8 gcc/native/3.4.1061/avr8-gnu-toolchain/bin/../lib/gcc/avr/4.8.1/avr5\libgcc.a(_exit.o)
 .bss           0x00000000        0x0 c:/program files (x86)/atmel/atmel toolchain/avr8 gcc/native/3.4.1061/avr8-gnu-toolchain/bin/../lib/gcc/avr/4.8.1/avr5\libgcc.a(_exit.o)
 .text.libgcc.mul
                0x00000000        0x0 c:/program files (x86)/atmel/atmel toolchain/avr8 gcc/native/3.4.1061/avr8-gnu-toolchain/bin/../lib/gcc/avr/4.8.1/avr5\libgcc.a(_exit.o)
 .text.libgcc.div
                0x00000000        0x0 c:/program files (x86)/atmel/atmel toolchain/avr8 gcc/native/3.4.1061/avr8-gnu-toolchain/bin/../lib/gcc/avr/4.8.1/avr5\libgcc.a(_exit.o)
 .text.libgcc   0x00000000        0x0 c:/program files (x86)/atmel/atmel toolchain/avr8 gcc/native/3.4.1061/avr8-gnu-toolchain/bin/../lib/gcc/avr/4.8.1/avr5\libgcc.a(_exit.o)
 .text.libgcc.prologue
                0x00000000        0x0 c:/program files (x86)/atmel/atmel toolchain/avr8 gcc/native/3.4.1061/avr8-gnu-toolchain/bin/../lib/gcc/avr/4.8.1/avr5\libgcc.a(_exit.o)
 .text.libgcc.builtins
                0x00000000        0x0 c:/program files (x86)/atmel/atmel toolchain/avr8 gcc/native/3.4.1061/avr8-gnu-toolchain/bin/../lib/gcc/avr/4.8.1/avr5\libgcc.a(_exit.o)
 .text.libgcc.fmul
                0x00000000        0x0 c:/program files (x86)/atmel/atmel toolchain/avr8 gcc/native/3.4.1061/avr8-gnu-toolchain/bin/../lib/gcc/avr/4.8.1/avr5\libgcc.a(_exit.o)
 .text.libgcc.fixed
                0x00000000        0x0 c:/program files (x86)/atmel/atmel toolchain/avr8 gcc/native/3.4.1061/avr8-gnu-toolchain/bin/../lib/gcc/avr/4.8.1/avr5\libgcc.a(_exit.o)
 .text          0x00000000        0x0 c:/program files (x86)/atmel/atmel toolchain/avr8 gcc/native/3.4.1061/avr8-gnu-toolchain/bin/../lib/gcc/avr/4.8.1/avr5\libgcc.a(_copy_data.o)
 .data          0x00000000        0x0 c:/program files (x86)/atmel/atmel toolchain/avr8 gcc/native/3.4.1061/avr8-gnu-toolchain/bin/../lib/gcc/avr/4.8.1/avr5\libgcc.a(_copy_data.o)
 .bss           0x00000000        0x0 c:/program files (x86)/atmel/atmel toolchain/avr8 gcc/native/3.4.1061/avr8-gnu-toolchain/bin/../lib/gcc/avr/4.8.1/avr5\libgcc.a(_copy_data.o)
 .text.libgcc.mul
                0x00000000        0x0 c:/program files (x86)/atmel/atmel toolchain/avr8 gcc/native/3.4.1061/avr8-gnu-toolchain/bin/../lib/gcc/avr/4.8.1/avr5\libgcc.a(_copy_data.o)
 .text.libgcc.div
                0x00000000        0x0 c:/program files (x86)/atmel/atmel toolchain/avr8 gcc/native/3.4.1061/avr8-gnu-toolchain/bin/../lib/gcc/avr/4.8.1/avr5\libgcc.a(_copy_data.o)
 .text.libgcc   0x00000000        0x0 c:/program files (x86)/atmel/atmel toolchain/avr8 gcc/native/3.4.1061/avr8-gnu-toolchain/bin/../lib/gcc/avr/4.8.1/avr5\libgcc.a(_copy_data.o)
 .text.libgcc.prologue
                0x00000000        0x0 c:/program files (x86)/atmel/atmel toolchain/avr8 gcc/native/3.4.1061/avr8-gnu-toolchain/bin/../lib/gcc/avr/4.8.1/avr5\libgcc.a(_copy_data.o)
 .text.libgcc.builtins
                0x00000000        0x0 c:/program files (x86)/atmel/atmel toolchain/avr8 gcc/native/3.4.1061/avr8-gnu-toolchain/bin/../lib/gcc/avr/4.8.1/avr5\libgcc.a(_copy_data.o)
 .text.libgcc.fmul
                0x00000000        0x0 c:/program files (x86)/atmel/atmel toolchain/avr8 gcc/native/3.4.1061/avr8-gnu-toolchain/bin/../lib/gcc/avr/4.8.1/avr5\libgcc.a(_copy_data.o)
 .text.libgcc.fixed
                0x00000000        0x0 c:/program files (x86)/atmel/atmel toolchain/avr8 gcc/native/3.4.1061/avr8-gnu-toolchain/bin/../lib/gcc/avr/4.8.1/avr5\libgcc.a(_copy_data.o)
 .text          0x00000000        0x0 c:/program files (x86)/atmel/atmel toolchain/avr8 gcc/native/3.4.1061/avr8-gnu-toolchain/bin/../lib/gcc/avr/4.8.1/avr5\libgcc.a(_clear_bss.o)
 .data          0x00000000        0x0 c:/program files (x86)/atmel/atmel toolchain/avr8 gcc/native/3.4.1061/avr8-gnu-toolchain/bin/../lib/gcc/avr/4.8.1/avr5\libgcc.a(_clear_bss.o)
 .bss           0x00000000        0x0 c:/program files (x86)/atmel/atmel toolchain/avr8 gcc/native/3.4.1061/avr8-gnu-toolchain/bin/../lib/gcc/avr/4.8.1/avr5\libgcc.a(_clear_bss.o)
 .text.libgcc.mul
                0x00000000        0x0 c:/program files (x86)/atmel/atmel toolchain/avr8 gcc/native/3.4.1061/avr8-gnu-toolchain/bin/../lib/gcc/avr/4.8.1/avr5\libgcc.a(_clear_bss.o)
 .text.libgcc.div
                0x00000000        0x0 c:/program files (x86)/atmel/atmel toolchain/avr8 gcc/native/3.4.1061/avr8-gnu-toolchain/bin/../lib/gcc/avr/4.8.1/avr5\libgcc.a(_clear_bss.o)
 .text.libgcc   0x00000000        0x0 c:/program files (x86)/atmel/atmel toolchain/avr8 gcc/native/3.4.1061/avr8-gnu-toolchain/bin/../lib/gcc/avr/4.8.1/avr5\libgcc.a(_clear_bss.o)
 .text.libgcc.prologue
                0x00000000        0x0 c:/program files (x86)/atmel/atmel toolchain/avr8 gcc/native/3.4.1061/avr8-gnu-toolchain/bin/../lib/gcc/avr/4.8.1/avr5\libgcc.a(_clear_bss.o)
 .text.libgcc.builtins
                0x00000000        0x0 c:/program files (x86)/atmel/atmel toolchain/avr8 gcc/native/3.4.1061/avr8-gnu-toolchain/bin/../lib/gcc/avr/4.8.1/avr5\libgcc.a(_clear_bss.o)
 .text.libgcc.fmul
                0x00000000        0x0 c:/program files (x86)/atmel/atmel toolchain/avr8 gcc/native/3.4.1061/avr8-gnu-toolchain/bin/../lib/gcc/avr/4.8.1/avr5\libgcc.a(_clear_bss.o)
 .text.libgcc.fixed
                0x00000000        0x0 c:/program files (x86)/atmel/atmel toolchain/avr8 gcc/native/3.4.1061/avr8-gnu-toolchain/bin/../lib/gcc/avr/4.8.1/avr5\libgcc.a(_clear_bss.o)
 .text          0x00000000        0x0 c:/program files (x86)/atmel/atmel toolchain/avr8 gcc/native/3.4.1061/avr8-gnu-toolchain/bin/../lib/gcc/avr/4.8.1/avr5\libgcc.a(_umulhisi3.o)
 .data          0x00000000        0x0 c:/program files (x86)/atmel/atmel toolchain/avr8 gcc/native/3.4.1061/avr8-gnu-toolchain/bin/../lib/gcc/avr/4.8.1/avr5\libgcc.a(_umulhisi3.o)
 .bss           0x00000000        0x0 c:/program files (x86)/atmel/atmel toolchain/avr8 gcc/native/3.4.1061/avr8-gnu-toolchain/bin/../lib/gcc/avr/4.8.1/avr5\libgcc.a(_umulhisi3.o)
 .text.libgcc.div
                0x00000000        0x0 c:/program files (x86)/atmel/atmel toolchain/avr8 gcc/native/3.4.1061/avr8-gnu-toolchain/bin/../lib/gcc/avr/4.8.1/avr5\libgcc.a(_umulhisi3.o)
 .text.libgcc   0x00000000        0x0 c:/program files (x86)/atmel/atmel toolchain/avr8 gcc/native/3.4.1061/avr8-gnu-toolchain/bin/../lib/gcc/avr/4.8.1/avr5\libgcc.a(_umulhisi3.o)
 .text.libgcc.prologue
                0x00000000        0x0 c:/program files (x86)/atmel/atmel toolchain/avr8 gcc/native/3.4.1061/avr8-gnu-toolchain/bin/../lib/gcc/avr/4.8.1/avr5\libgcc.a(_umulhisi3.o)
 .text.libgcc.builtins
                0x00000000        0x0 c:/program files (x86)/atmel/atmel toolchain/avr8 gcc/native/3.4.1061/avr8-gnu-toolchain/bin/../lib/gcc/avr/4.8.1/avr5\libgcc.a(_umulhisi3.o)
 .text.libgcc.fmul
                0x00000000        0x0 c:/program files (x86)/atmel/atmel toolchain/avr8 gcc/native/3.4.1061/avr8-gnu-toolchain/bin/../lib/gcc/avr/4.8.1/avr5\libgcc.a(_umulhisi3.o)
 .text.libgcc.fixed
                0x00000000        0x0 c:/program files (x86)/atmel/atmel toolchain/avr8 gcc/native/3.4.1061/avr8-gnu-toolchain/bin/../lib/gcc/avr/4.8.1/avr5\libgcc.a(_umulhisi3.o)
 .text          0x00000000        0x0 c:/program files (x86)/atmel/atmel toolchain/avr8 gcc/native/3.4.1061/avr8-gnu-toolchain/bin/../lib/gcc/avr/4.8.1/../../../../avr/lib/avr5\libc.a(iob.o)
 .data          0x00000000        0x0 c:/program files (x86)/atmel/atmel toolchain/avr8 gcc/native/3.4.1061/avr8-gnu-toolchain/bin/../lib/gcc/avr/4.8.1/../../../../avr/lib/avr5\libc.a(iob.o)
 .bss           0x00000000        0x0 c:/program files (x86)/atmel/atmel toolchain/avr8 gcc/native/3.4.1061/avr8-gnu-toolchain/bin/../lib/gcc/avr/4.8.1/../../../../avr/lib/avr5\libc.a(iob.o)
 .text          0x00000000        0x0 c:/program files (x86)/atmel/atmel toolchain/avr8 gcc/native/3.4.1061/avr8-gnu-toolchain/bin/../lib/gcc/avr/4.8.1/../../../../avr/lib/avr5\libc.a(printf.o)
 .data          0x00000000        0x0 c:/program files (x86)/atmel/atmel toolchain/avr8 gcc/native/3.4.1061/avr8-gnu-toolchain/bin/../lib/gcc/avr/4.8.1/../../../../avr/lib/avr5\libc.a(printf.o)
 .bss           0x00000000        0x0 c:/program files (x86)/atmel/atmel toolchain/avr8 gcc/native/3.4.1061/avr8-gnu-toolchain/bin/../lib/gcc/avr/4.8.1/../../../../avr/lib/avr5\libc.a(printf.o)
 .text          0x00000000        0x0 c:/program files (x86)/atmel/atmel toolchain/avr8 gcc/native/3.4.1061/avr8-gnu-toolchain/bin/../lib/gcc/avr/4.8.1/../../../../avr/lib/avr5\libc.a(vfprintf_std.o)
 .data          0x00000000        0x0 c:/program files (x86)/atmel/atmel toolchain/avr8 gcc/native/3.4.1061/avr8-gnu-toolchain/bin/../lib/gcc/avr/4.8.1/../../../../avr/lib/avr5\libc.a(vfprintf_std.o)
 .bss           0x00000000        0x0 c:/program files (x86)/atmel/atmel toolchain/avr8 gcc/native/3.4.1061/avr8-gnu-toolchain/bin/../lib/gcc/avr/4.8.1/../../../../avr/lib/avr5\libc.a(vfprintf_std.o)
 .text          0x00000000        0x0 c:/program files (x86)/atmel/atmel toolchain/avr8 gcc/native/3.4.1061/avr8-gnu-toolchain/bin/../lib/gcc/avr/4.8.1/../../../../avr/lib/avr5\libc.a(strnlen_P.o)
 .data          0x00000000        0x0 c:/program files (x86)/atmel/atmel toolchain/avr8 gcc/native/3.4.1061/avr8-gnu-toolchain/bin/../lib/gcc/avr/4.8.1/../../../../avr/lib/avr5\libc.a(strnlen_P.o)
 .bss           0x00000000        0x0 c:/program files (x86)/atmel/atmel toolchain/avr8 gcc/native/3.4.1061/avr8-gnu-toolchain/bin/../lib/gcc/avr/4.8.1/../../../../avr/lib/avr5\libc.a(strnlen_P.o)
 .text          0x00000000        0x0 c:/program files (x86)/atmel/atmel toolchain/avr8 gcc/native/3.4.1061/avr8-gnu-toolchain/bin/../lib/gcc/avr/4.8.1/../../../../avr/lib/avr5\libc.a(strnlen.o)
 .data          0x00000000        0x0 c:/program files (x86)/atmel/atmel toolchain/avr8 gcc/native/3.4.1061/avr8-gnu-toolchain/bin/../lib/gcc/avr/4.8.1/../../../../avr/lib/avr5\libc.a(strnlen.o)
 .bss           0x00000000        0x0 c:/program files (x86)/atmel/atmel toolchain/avr8 gcc/native/3.4.1061/avr8-gnu-toolchain/bin/../lib/gcc/avr/4.8.1/../../../../avr/lib/avr5\libc.a(strnlen.o)
 .text          0x00000000        0x0 c:/program files (x86)/atmel/atmel toolchain/avr8 gcc/native/3.4.1061/avr8-gnu-toolchain/bin/../lib/gcc/avr/4.8.1/../../../../avr/lib/avr5\libc.a(fputc.o)
 .data          0x00000000        0x0 c:/program files (x86)/atmel/atmel toolchain/avr8 gcc/native/3.4.1061/avr8-gnu-toolchain/bin/../lib/gcc/avr/4.8.1/../../../../avr/lib/avr5\libc.a(fputc.o)
 .bss           0x00000000        0x0 c:/program files (x86)/atmel/atmel toolchain/avr8 gcc/native/3.4.1061/avr8-gnu-toolchain/bin/../lib/gcc/avr/4.8.1/../../../../avr/lib/avr5\libc.a(fputc.o)
 .text          0x00000000        0x0 c:/program files (x86)/atmel/atmel toolchain/avr8 gcc/native/3.4.1061/avr8-gnu-toolchain/bin/../lib/gcc/avr/4.8.1/../../../../avr/lib/avr5\libc.a(ultoa_invert.o)
 .data          0x00000000        0x0 c:/program files (x86)/atmel/atmel toolchain/avr8 gcc/native/3.4.1061/avr8-gnu-toolchain/bin/../lib/gcc/avr/4.8.1/../../../../avr/lib/avr5\libc.a(ultoa_invert.o)
 .bss           0x00000000        0x0 c:/program files (x86)/atmel/atmel toolchain/avr8 gcc/native/3.4.1061/avr8-gnu-toolchain/bin/../lib/gcc/avr/4.8.1/../../../../avr/lib/avr5\libc.a(ultoa_invert.o)
 .text          0x00000000        0x0 c:/program files (x86)/atmel/atmel toolchain/avr8 gcc/native/3.4.1061/avr8-gnu-toolchain/bin/../lib/gcc/avr/4.8.1/avr5\libgcc.a(_prologue.o)
 .data          0x00000000        0x0 c:/program files (x86)/atmel/atmel toolchain/avr8 gcc/native/3.4.1061/avr8-gnu-toolchain/bin/../lib/gcc/avr/4.8.1/avr5\libgcc.a(_prologue.o)
 .bss           0x00000000        0x0 c:/program files (x86)/atmel/atmel toolchain/avr8 gcc/native/3.4.1061/avr8-gnu-toolchain/bin/../lib/gcc/avr/4.8.1/avr5\libgcc.a(_prologue.o)
 .text.libgcc.mul
                0x00000000        0x0 c:/program files (x86)/atmel/atmel toolchain/avr8 gcc/native/3.4.1061/avr8-gnu-toolchain/bin/../lib/gcc/avr/4.8.1/avr5\libgcc.a(_prologue.o)
 .text.libgcc.div
                0x00000000        0x0 c:/program files (x86)/atmel/atmel toolchain/avr8 gcc/native/3.4.1061/avr8-gnu-toolchain/bin/../lib/gcc/avr/4.8.1/avr5\libgcc.a(_prologue.o)
 .text.libgcc   0x00000000        0x0 c:/program files (x86)/atmel/atmel toolchain/avr8 gcc/native/3.4.1061/avr8-gnu-toolchain/bin/../lib/gcc/avr/4.8.1/avr5\libgcc.a(_prologue.o)
 .text.libgcc.builtins
                0x00000000        0x0 c:/program files (x86)/atmel/atmel toolchain/avr8 gcc/native/3.4.1061/avr8-gnu-toolchain/bin/../lib/gcc/avr/4.8.1/avr5\libgcc.a(_prologue.o)
 .text.libgcc.fmul
                0x00000000        0x0 c:/program files (x86)/atmel/atmel toolchain/avr8 gcc/native/3.4.1061/avr8-gnu-toolchain/bin/../lib/gcc/avr/4.8.1/avr5\libgcc.a(_prologue.o)
 .text.libgcc.fixed
                0x00000000        0x0 c:/program files (x86)/atmel/atmel toolchain/avr8 gcc/native/3.4.1061/avr8-gnu-toolchain/bin/../lib/gcc/avr/4.8.1/avr5\libgcc.a(_prologue.o)
 .text          0x00000000        0x0 c:/program files (x86)/atmel/atmel toolchain/avr8 gcc/native/3.4.1061/avr8-gnu-toolchain/bin/../lib/gcc/avr/4.8.1/avr5\libgcc.a(_epilogue.o)
 .data          0x00000000        0x0 c:/program files (x86)/atmel/atmel toolchain/avr8 gcc/native/3.4.1061/avr8-gnu-toolchain/bin/../lib/gcc/avr/4.8.1/avr5\libgcc.a(_epilogue.o)
 .bss           0x00000000        0x0 c:/program files (x86)/atmel/atmel toolchain/avr8 gcc/native/3.4.1061/avr8-gnu-toolchain/bin/../lib/gcc/avr/4.8.1/avr5\libgcc.a(_epilogue.o)
 .text.libgcc.mul
                0x00000000        0x0 c:/program files (x86)/atmel/atmel toolchain/avr8 gcc/native/3.4.1061/avr8-gnu-toolchain/bin/../lib/gcc/avr/4.8.1/avr5\libgcc.a(_epilogue.o)
 .text.libgcc.div
                0x00000000        0x0 c:/program files (x86)/atmel/atmel toolchain/avr8 gcc/native/3.4.1061/avr8-gnu-toolchain/bin/../lib/gcc/avr/4.8.1/avr5\libgcc.a(_epilogue.o)
 .text.libgcc   0x00000000        0x0 c:/program files (x86)/atmel/atmel toolchain/avr8 gcc/native/3.4.1061/avr8-gnu-toolchain/bin/../lib/gcc/avr/4.8.1/avr5\libgcc.a(_epilogue.o)
 .text.libgcc.builtins
                0x00000000        0x0 c:/program files (x86)/atmel/atmel toolchain/avr8 gcc/native/3.4.1061/avr8-gnu-toolchain/bin/../lib/gcc/avr/4.8.1/avr5\libgcc.a(_epilogue.o)
 .text.libgcc.fmul
                0x00000000        0x0 c:/program files (x86)/atmel/atmel toolchain/avr8 gcc/native/3.4.1061/avr8-gnu-toolchain/bin/../lib/gcc/avr/4.8.1/avr5\libgcc.a(_epilogue.o)
 .text.libgcc.fixed
                0x00000000        0x0 c:/program files (x86)/atmel/atmel toolchain/avr8 gcc/native/3.4.1061/avr8-gnu-toolchain/bin/../lib/gcc/avr/4.8.1/avr5\libgcc.a(_epilogue.o)

Memory Configuration

Name             Origin             Length             Attributes
text             0x00000000         0x00020000         xr
data             0x00800060         0x0000ffa0         rw !x
eeprom           0x00810000         0x00010000         rw !x
fuse             0x00820000         0x00000400         rw !x
lock             0x00830000         0x00000400         rw !x
signature        0x00840000         0x00000400         rw !x
user_signatures  0x00850000         0x00000400         rw !x
*default*        0x00000000         0xffffffff

Linker script and memory map

Address of section .data set to 0x800100
LOAD c:/program files (x86)/atmel/atmel toolchain/avr8 gcc/native/3.4.1061/avr8-gnu-toolchain/bin/../lib/gcc/avr/4.8.1/../../../../avr/lib/avr5/crtm328p.o
LOAD ControlePWM.o
START GROUP
LOAD c:/program files (x86)/atmel/atmel toolchain/avr8 gcc/native/3.4.1061/avr8-gnu-toolchain/bin/../lib/gcc/avr/4.8.1/../../../../avr/lib/avr5\libm.a
END GROUP
START GROUP
LOAD c:/program files (x86)/atmel/atmel toolchain/avr8 gcc/native/3.4.1061/avr8-gnu-toolchain/bin/../lib/gcc/avr/4.8.1/avr5\libgcc.a
LOAD c:/program files (x86)/atmel/atmel toolchain/avr8 gcc/native/3.4.1061/avr8-gnu-toolchain/bin/../lib/gcc/avr/4.8.1/../../../../avr/lib/avr5\libm.a
LOAD c:/program files (x86)/atmel/atmel toolchain/avr8 gcc/native/3.4.1061/avr8-gnu-toolchain/bin/../lib/gcc/avr/4.8.1/../../../../avr/lib/avr5\libc.a
END GROUP

.hash
 *(.hash)

.dynsym
 *(.dynsym)

.dynstr
 *(.dynstr)

.gnu.version
 *(.gnu.version)

.gnu.version_d
 *(.gnu.version_d)

.gnu.version_r
 *(.gnu.version_r)

.rel.init
 *(.rel.init)

.rela.init
 *(.rela.init)

.rel.text
 *(.rel.text)
 *(.rel.text.*)
 *(.rel.gnu.linkonce.t*)

.rela.text
 *(.rela.text)
 *(.rela.text.*)
 *(.rela.gnu.linkonce.t*)

.rel.fini
 *(.rel.fini)

.rela.fini
 *(.rela.fini)

.rel.rodata
 *(.rel.rodata)
 *(.rel.rodata.*)
 *(.rel.gnu.linkonce.r*)

.rela.rodata
 *(.rela.rodata)
 *(.rela.rodata.*)
 *(.rela.gnu.linkonce.r*)

.rel.data
 *(.rel.data)
 *(.rel.data.*)
 *(.rel.gnu.linkonce.d*)

.rela.data
 *(.rela.data)
 *(.rela.data.*)
 *(.rela.gnu.linkonce.d*)

.rel.ctors
 *(.rel.ctors)

.rela.ctors
 *(.rela.ctors)

.rel.dtors
 *(.rel.dtors)

.rela.dtors
 *(.rela.dtors)

.rel.got
 *(.rel.got)

.rela.got
 *(.rela.got)

.rel.bss
 *(.rel.bss)

.rela.bss
 *(.rela.bss)

.rel.plt
 *(.rel.plt)

.rela.plt
 *(.rela.plt)

.text           0x00000000      0x9c2
 *(.vectors)
 .vectors       0x00000000       0x68 c:/program files (x86)/atmel/atmel toolchain/avr8 gcc/native/3.4.1061/avr8-gnu-toolchain/bin/../lib/gcc/avr/4.8.1/../../../../avr/lib/avr5/crtm328p.o
                0x00000000                __vector_default
                0x00000000                __vectors
 *(.vectors)
 *(.progmem.gcc*)
                0x00000068                . = ALIGN (0x2)
                0x00000068                __trampolines_start = .
 *(.trampolines)
 .trampolines   0x00000068        0x0 linker stubs
 *(.trampolines*)
                0x00000068                __trampolines_end = .
 *(.progmem*)
                0x00000068                . = ALIGN (0x2)
 *(.jumptables)
 *(.jumptables*)
 *(.lowtext)
 *(.lowtext*)
                0x00000068                __ctors_start = .
 *(.ctors)
                0x00000068                __ctors_end = .
                0x00000068                __dtors_start = .
 *(.dtors)
                0x00000068                __dtors_end = .
 SORT(*)(.ctors)
 SORT(*)(.dtors)
 *(.init0)
 .init0         0x00000068        0x0 c:/program files (x86)/atmel/atmel toolchain/avr8 gcc/native/3.4.1061/avr8-gnu-toolchain/bin/../lib/gcc/avr/4.8.1/../../../../avr/lib/avr5/crtm328p.o
                0x00000068                __init
 *(.init0)
 *(.init1)
 *(.init1)
 *(.init2)
 .init2         0x00000068        0xc c:/program files (x86)/atmel/atmel toolchain/avr8 gcc/native/3.4.1061/avr8-gnu-toolchain/bin/../lib/gcc/avr/4.8.1/../../../../avr/lib/avr5/crtm328p.o
 *(.init2)
 *(.init3)
 *(.init3)
 *(.init4)
 .init4         0x00000074       0x16 c:/program files (x86)/atmel/atmel toolchain/avr8 gcc/native/3.4.1061/avr8-gnu-toolchain/bin/../lib/gcc/avr/4.8.1/avr5\libgcc.a(_copy_data.o)
                0x00000074                __do_copy_data
 .init4         0x0000008a       0x10 c:/program files (x86)/atmel/atmel toolchain/avr8 gcc/native/3.4.1061/avr8-gnu-toolchain/bin/../lib/gcc/avr/4.8.1/avr5\libgcc.a(_clear_bss.o)
                0x0000008a                __do_clear_bss
 *(.init4)
 *(.init5)
 *(.init5)
 *(.init6)
 *(.init6)
 *(.init7)
 *(.init7)
 *(.init8)
 *(.init8)
 *(.init9)
 .init9         0x0000009a        0x8 c:/program files (x86)/atmel/atmel toolchain/avr8 gcc/native/3.4.1061/avr8-gnu-toolchain/bin/../lib/gcc/avr/4.8.1/../../../../avr/lib/avr5/crtm328p.o
 *(.init9)
 *(.text)
 .text          0x000000a2        0x4 c:/program files (x86)/atmel/atmel toolchain/avr8 gcc/native/3.4.1061/avr8-gnu-toolchain/bin/../lib/gcc/avr/4.8.1/../../../../avr/lib/avr5/crtm328p.o
                0x000000a2                __vector_22
                0x000000a2                __vector_1
                0x000000a2                __vector_24
                0x000000a2                __vector_12
                0x000000a2                __bad_interrupt
                0x000000a2                __vector_6
                0x000000a2                __vector_3
                0x000000a2                __vector_23
                0x000000a2                __vector_25
                0x000000a2                __vector_11
                0x000000a2                __vector_13
                0x000000a2                __vector_17
                0x000000a2                __vector_19
                0x000000a2                __vector_5
                0x000000a2                __vector_4
                0x000000a2                __vector_9
                0x000000a2                __vector_2
                0x000000a2                __vector_21
                0x000000a2                __vector_15
                0x000000a2                __vector_8
                0x000000a2                __vector_14
                0x000000a2                __vector_10
                0x000000a2                __vector_16
                0x000000a2                __vector_18
                0x000000a2                __vector_20
                0x000000a6                . = ALIGN (0x2)
 *(.text.*)
 .text.cmd_LCD  0x000000a6       0x6e ControlePWM.o
                0x000000a6                cmd_LCD
 .text.lcd_putchar
                0x00000114        0xc ControlePWM.o
                0x00000114                lcd_putchar
 .text.inic_LCD_4bits
                0x00000120       0xd0 ControlePWM.o
                0x00000120                inic_LCD_4bits
 .text.clearDisplay
                0x000001f0       0x5a ControlePWM.o
                0x000001f0                clearDisplay
 .text.adc_read
                0x0000024a       0x28 ControlePWM.o
                0x0000024a                adc_read
 .text.measure_current
                0x00000272        0xc ControlePWM.o
                0x00000272                measure_current
 .text.__vector_7
                0x0000027e       0x64 ControlePWM.o
                0x0000027e                __vector_7
 .text.init     0x000002e2       0x5c ControlePWM.o
                0x000002e2                init
 .text.main     0x0000033e       0xdc ControlePWM.o
                0x0000033e                main
 .text.libgcc.mul
                0x0000041a       0x1e c:/program files (x86)/atmel/atmel toolchain/avr8 gcc/native/3.4.1061/avr8-gnu-toolchain/bin/../lib/gcc/avr/4.8.1/avr5\libgcc.a(_umulhisi3.o)
                0x0000041a                __umulhisi3
 .text.avr-libc
                0x00000438       0x28 c:/program files (x86)/atmel/atmel toolchain/avr8 gcc/native/3.4.1061/avr8-gnu-toolchain/bin/../lib/gcc/avr/4.8.1/../../../../avr/lib/avr5\libc.a(printf.o)
                0x00000438                printf
 .text.avr-libc
                0x00000460      0x3a4 c:/program files (x86)/atmel/atmel toolchain/avr8 gcc/native/3.4.1061/avr8-gnu-toolchain/bin/../lib/gcc/avr/4.8.1/../../../../avr/lib/avr5\libc.a(vfprintf_std.o)
                0x00000460                vfprintf
 .text.avr-libc
                0x00000804       0x16 c:/program files (x86)/atmel/atmel toolchain/avr8 gcc/native/3.4.1061/avr8-gnu-toolchain/bin/../lib/gcc/avr/4.8.1/../../../../avr/lib/avr5\libc.a(strnlen_P.o)
                0x00000804                strnlen_P
 .text.avr-libc
                0x0000081a       0x16 c:/program files (x86)/atmel/atmel toolchain/avr8 gcc/native/3.4.1061/avr8-gnu-toolchain/bin/../lib/gcc/avr/4.8.1/../../../../avr/lib/avr5\libc.a(strnlen.o)
                0x0000081a                strnlen
 .text.avr-libc
                0x00000830       0x64 c:/program files (x86)/atmel/atmel toolchain/avr8 gcc/native/3.4.1061/avr8-gnu-toolchain/bin/../lib/gcc/avr/4.8.1/../../../../avr/lib/avr5\libc.a(fputc.o)
                0x00000830                fputc
 .text.avr-libc
                0x00000894       0xbc c:/program files (x86)/atmel/atmel toolchain/avr8 gcc/native/3.4.1061/avr8-gnu-toolchain/bin/../lib/gcc/avr/4.8.1/../../../../avr/lib/avr5\libc.a(ultoa_invert.o)
                0x00000894                __ultoa_invert
 .text.libgcc.prologue
                0x00000950       0x38 c:/program files (x86)/atmel/atmel toolchain/avr8 gcc/native/3.4.1061/avr8-gnu-toolchain/bin/../lib/gcc/avr/4.8.1/avr5\libgcc.a(_prologue.o)
                0x00000950                __prologue_saves__
 .text.libgcc.prologue
                0x00000988       0x36 c:/program files (x86)/atmel/atmel toolchain/avr8 gcc/native/3.4.1061/avr8-gnu-toolchain/bin/../lib/gcc/avr/4.8.1/avr5\libgcc.a(_epilogue.o)
                0x00000988                __epilogue_restores__
                0x000009be                . = ALIGN (0x2)
 *(.fini9)
 .fini9         0x000009be        0x0 c:/program files (x86)/atmel/atmel toolchain/avr8 gcc/native/3.4.1061/avr8-gnu-toolchain/bin/../lib/gcc/avr/4.8.1/avr5\libgcc.a(_exit.o)
                0x000009be                _exit
                0x000009be                exit
 *(.fini9)
 *(.fini8)
 *(.fini8)
 *(.fini7)
 *(.fini7)
 *(.fini6)
 *(.fini6)
 *(.fini5)
 *(.fini5)
 *(.fini4)
 *(.fini4)
 *(.fini3)
 *(.fini3)
 *(.fini2)
 *(.fini2)
 *(.fini1)
 *(.fini1)
 *(.fini0)
 .fini0         0x000009be        0x4 c:/program files (x86)/atmel/atmel toolchain/avr8 gcc/native/3.4.1061/avr8-gnu-toolchain/bin/../lib/gcc/avr/4.8.1/avr5\libgcc.a(_exit.o)
 *(.fini0)
                0x000009c2                _etext = .

.data           0x00800100       0x2a load address 0x000009c2
                0x00800100                PROVIDE (__data_start, .)
 *(.data)
 *(.data*)
 *(.rodata)
 *(.rodata*)
 .rodata.str1.1
                0x00800100       0x29 ControlePWM.o
 *(.gnu.linkonce.d*)
                0x0080012a                . = ALIGN (0x2)
 *fill*         0x00800129        0x1 
                0x0080012a                _edata = .
                0x0080012a                PROVIDE (__data_end, .)

.bss            0x0080012a        0x8
                0x0080012a                PROVIDE (__bss_start, .)
 *(.bss)
 *(.bss*)
 .bss.measurement_buffer
                0x0080012a        0x2 ControlePWM.o
                0x0080012a                measurement_buffer
 *(COMMON)
 COMMON         0x0080012c        0x6 c:/program files (x86)/atmel/atmel toolchain/avr8 gcc/native/3.4.1061/avr8-gnu-toolchain/bin/../lib/gcc/avr/4.8.1/../../../../avr/lib/avr5\libc.a(iob.o)
                0x0080012c                __iob
                0x00800132                PROVIDE (__bss_end, .)
                0x000009c2                __data_load_start = LOADADDR (.data)
                0x000009ec                __data_load_end = (__data_load_start + SIZEOF (.data))

.noinit         0x00800132        0x0
                0x00800132                PROVIDE (__noinit_start, .)
 *(.noinit*)
                0x00800132                PROVIDE (__noinit_end, .)
                0x00800132                _end = .
                0x00800132                PROVIDE (__heap_start, .)

.eeprom         0x00810000        0x0
 *(.eeprom*)
                0x00810000                __eeprom_end = .

.fuse
 *(.fuse)
 *(.lfuse)
 *(.hfuse)
 *(.efuse)

.lock
 *(.lock*)

.signature
 *(.signature*)

.user_signatures
 *(.user_signatures*)

.stab
 *(.stab)

.stabstr
 *(.stabstr)

.stab.excl
 *(.stab.excl)

.stab.exclstr
 *(.stab.exclstr)

.stab.index
 *(.stab.index)

.stab.indexstr
 *(.stab.indexstr)

.comment        0x00000000       0x5c
 *(.comment)
 .comment       0x00000000       0x30 ControlePWM.o
                                 0x31 (size before relaxing)
 .comment       0x00000000       0x31 c:/program files (x86)/atmel/atmel toolchain/avr8 gcc/native/3.4.1061/avr8-gnu-toolchain/bin/../lib/gcc/avr/4.8.1/../../../../avr/lib/avr5\libc.a(iob.o)
 .comment       0x00000000       0x31 c:/program files (x86)/atmel/atmel toolchain/avr8 gcc/native/3.4.1061/avr8-gnu-toolchain/bin/../lib/gcc/avr/4.8.1/../../../../avr/lib/avr5\libc.a(printf.o)
 .comment       0x00000030       0x2c c:/program files (x86)/atmel/atmel toolchain/avr8 gcc/native/3.4.1061/avr8-gnu-toolchain/bin/../lib/gcc/avr/4.8.1/../../../../avr/lib/avr5\libc.a(vfprintf_std.o)
                                 0x2d (size before relaxing)
 .comment       0x00000000       0x31 c:/program files (x86)/atmel/atmel toolchain/avr8 gcc/native/3.4.1061/avr8-gnu-toolchain/bin/../lib/gcc/avr/4.8.1/../../../../avr/lib/avr5\libc.a(fputc.o)

.note.gnu.build-id
 *(.note.gnu.build-id)

.debug
 *(.debug)

.line
 *(.line)

.debug_srcinfo
 *(.debug_srcinfo)

.debug_sfnames
 *(.debug_sfnames)

.debug_aranges  0x00000000       0x78
 *(.debug_aranges)
 .debug_aranges
                0x00000000       0x78 ControlePWM.o

.debug_pubnames
 *(.debug_pubnames)

.debug_info     0x00000000      0xba4
 *(.debug_info .gnu.linkonce.wi.*)
 .debug_info    0x00000000      0xba4 ControlePWM.o

.debug_abbrev   0x00000000      0x33b
 *(.debug_abbrev)
 .debug_abbrev  0x00000000      0x33b ControlePWM.o

.debug_line     0x00000000      0x390
 *(.debug_line .debug_line.* .debug_line_end)
 .debug_line    0x00000000      0x390 ControlePWM.o

.debug_frame    0x00000000      0x174
 *(.debug_frame)
 .debug_frame   0x00000000      0x174 ControlePWM.o

.debug_str      0x00000000      0x31c
 *(.debug_str)
 .debug_str     0x00000000      0x31c ControlePWM.o
                                0x355 (size before relaxing)

.debug_loc      0x00000000      0x4a6
 *(.debug_loc)
 .debug_loc     0x00000000      0x4a6 ControlePWM.o

.debug_macinfo
 *(.debug_macinfo)

.debug_weaknames
 *(.debug_weaknames)

.debug_funcnames
 *(.debug_funcnames)

.debug_typenames
 *(.debug_typenames)

.debug_varnames
 *(.debug_varnames)

.debug_pubtypes
 *(.debug_pubtypes)

.debug_ranges   0x00000000       0x80
 *(.debug_ranges)
 .debug_ranges  0x00000000       0x80 ControlePWM.o

.debug_macro
 *(.debug_macro)
OUTPUT(ControlePWM.elf elf32-avr)
LOAD linker stubs
